Using 4 threads
OK
OK
OK
OK
OK
Fail
OK
OK
key2
OK
OK
OK
key9
OK
OK
Fail
Fail
Fail
OK
key1
key2
No 7
key0
key9
key3
No 6
key0
No 6
key2
No 6
key1
key8
No 7
key9
key2
key0
key2
