Using 4 threads
OK
OK
OK
OK
OK
OK
OK
OK
OK
OK
OK
OK
OK
OK
OK
OK
OK
OK
OK
OK
OK
OK
OK
OK
OK
OK
OK
OK
OK
OK
OK
OK
OK
OK
OK
OK
OK
OK
OK
OK
OK
OK
OK
OK
OK
OK
OK
OK
OK
OK
OK
key83
No 86
OK
key77
key15
OK
OK
No 93
key35
No 86
OK
No 92
No 49
OK
OK
OK
No 21
OK
key62
OK
OK
No 27
OK
OK
key90
key59
key63
key26
OK
No 40
key26
OK
No 72
OK
OK
key36
OK
OK
key11
key68
key67
OK
key29
No 82
key30
key62
No 23
key67
OK
key35
key29
OK
OK
key2
OK
key22
key58
No 69
key67
OK
key93
key56
OK
key11
key42
OK
OK
OK
OK
key29
key73
key21
key19
OK
OK
OK
OK
key84
OK
key37
OK
OK
key98
key24
key15
key70
OK
key13
key26
key91
OK
No 80
OK
key56
OK
OK
key73
key62
key70
OK
key96
OK
key81
key5
OK
OK
key25
OK
key84
OK
OK
key27
key36
OK
key5
key46
key29
key13
key57
key24
key95
key82
key45
key14
key67
key34
key64
key43
key50
key87
key8
key76
key78
key88
key84
key3
key51
key54
key99
key32
key60
key76
key68
key39
key12
key26
key86
key94
key39
